# møbius Diff Report

**Status:** changes detected

Commit: `deadbeef`  
Base ref: `master`  
Diff mode: `semantic`  
Generated: `2026-04-05T12:00:00Z`

## Review Summary

| Clusters | Charts | Resources | Added | Removed | Changed |
| ---: | ---: | ---: | ---: | ---: | ---: |
| 1 | 1 | 2 | 0 | 0 | 2 |

**Severity:** critical 1, high 1

**Highlights**

- Cluster `kube-bravo` · `ClusterRole/hello-world` [critical]: RBAC rules changed at `rules`
- Cluster `kube-bravo` · `Deployment/hello-world` [high]: replicas changed 2 -> 3

## Cluster `kube-bravo`

| Added | Removed | Changed |
| ---: | ---: | ---: |
| 0 | 0 | 2 |

Charts with changes: 1

<details>
<summary>Chart `hello-world` · namespace `demo` · severity `critical` · added 0 · removed 0 · changed 2</summary>

- Kinds affected: ClusterRole, Deployment
- Scope: value-level tweaks only
- Severity summary: critical 1, high 1
- Notable changes:
  - `ClusterRole/hello-world` [critical]: RBAC rules changed at `rules`
  - `Deployment/hello-world` [high]: replicas changed 2 -> 3

#### Resource `ClusterRole/hello-world` (changed, severity: critical)

- RBAC rules changed at `rules`

```diff
# Path: rules (changed)
- rules:
-     - get
+ rules:
+     - get
+     - list
```

#### Resource `Deployment/hello-world` (changed, severity: high)

- replicas changed 2 -> 3

```diff
# Path: spec.replicas (changed)
spec:
-     replicas: 2
+     replicas: 3
```

</details>

---

_Report compares merge-base and current MR state._

<!-- mobius:mr-diff -->
