## Cluster `kube-bravo`

| Added | Removed | Changed |
| ---: | ---: | ---: |
| 0 | 0 | 2 |

### Chart `hello-world`

- Namespace: `demo`

#### Resource `Deployment/hello-world` (changed, severity: high)

- replicas changed 2 -> 3

```diff
# Path: spec.replicas (changed)
spec:
-     replicas: 2
+     replicas: 3
```

#### Resource `ClusterRole/hello-world` (changed, severity: critical)

- RBAC rules changed at `rules`

```diff
# Path: rules (changed)
- rules:
-     - get
+ rules:
+     - get
+     - list
```
